[C0] 150 tâches (0 déjà faites)
Downloading shards:   0%|          | 0/4 [00:00<?, ?it/s]Downloading shards:  25%|██▌       | 1/4 [00:06<00:20,  6.92s/it]Downloading shards:  50%|█████     | 2/4 [00:12<00:12,  6.21s/it]Downloading shards:  75%|███████▌  | 3/4 [00:18<00:06,  6.01s/it]Downloading shards: 100%|██████████| 4/4 [00:23<00:00,  5.69s/it]Downloading shards: 100%|██████████| 4/4 [00:23<00:00,  5.90s/it]
Loading checkpoint shards:   0%|          | 0/4 [00:00<?, ?it/s]Loading checkpoint shards:  25%|██▌       | 1/4 [00:02<00:06,  2.19s/it]Loading checkpoint shards:  50%|█████     | 2/4 [00:04<00:04,  2.36s/it]Loading checkpoint shards:  75%|███████▌  | 3/4 [00:07<00:02,  2.53s/it]Loading checkpoint shards: 100%|██████████| 4/4 [00:09<00:00,  2.35s/it]Loading checkpoint shards: 100%|██████████| 4/4 [00:09<00:00,  2.37s/it]
/workspace/venv/lib/python3.11/site-packages/bitsandbytes/autograd/_functions.py:316: UserWarning: MatMul8bitLt: inputs will be cast from torch.bfloat16 to float16 during quantization
  warnings.warn(f"MatMul8bitLt: inputs will be cast from {A.dtype} to float16 during quantization")
  10/150 [7181ms]
  20/150 [8485ms]
  30/150 [2593ms]
  40/150 [14772ms]
  50/150 [6328ms]
  60/150 [6432ms]
  70/150 [4804ms]
  80/150 [16967ms]
  90/150 [9715ms]
  100/150 [51226ms]
  110/150 [3009ms]
  120/150 [3499ms]
  130/150 [6297ms]
  140/150 [3025ms]
  150/150 [10853ms]
MATRIX_C0_NOWIN_DONE
C0NW_RC=0
